Map
Name = test
Background = 255 122 50

Entity = VARIABLE imagePos %Random:64:1500
Entity = PLAYER_START 10 523	
Entity = GEM YELLOW 340 912 lvl_map_1
//Entity = GEM 892 674 lvl_map_2
TiledBrush = STATIC BlueStoneFloor.png 164 310 0 64 64 true 16 1
TiledBrush = STATIC BlueStoneCeiling.png 164 374 0 64 64 true 16 1
//TiledBrush = STATIC CenterSegment1.png 100 310 1 64 64 true 32 1
//Brush = DYNAMIC IMG.png %Variable:imagePos %Variable:imagePos 1 192 108 true 10 false randomBrush
Prefab = walls.prefab 0 0	
Brush = STATIC brickside491.png 0 0 0 64 491 true
Brush = STATIC brickside491.png 0 619 0 64 491 true
//Brush = STATIC brickside1080.png 1856 0 0 64 1080 true
Prefab = physicsEntities.prefab 0 0
Decal = STATIC arrowdown.png 960 450 64 64
TiledBrush = STATIC gabenobedy.png 1280 720 0 32 32 false 8 8
Trigger = STATIC TriggerLoad true -64 491 64 128 ripoffmario.map -20 0 LoadRipOffMario
Logic = InvokeTrigger time:spawn:10 MovingEntityTrigger
Trigger = STATIC TriggerHurt true 500 999 100 64 100 triggerGravity
//Brush = STATIC Saw1.png 500 900 0 64 64 false
//                       onTrigger:[Trigger Name]
//						 onMapLoad
//                       onPlayerPos:exact:10:10
//                       onPlayerPos:range:10:20:10:20
//                       onGameEvent:[Game Event]
// Trigger = STATIC TriggerText true -10 -10 1 1 "Some Text" 500 500 TextTrigger
// Trigger = STATIC TriggerPos true 128 128 128 128 50 50 TriggerPosition
// Trigger = STATIC TriggerGravity true 256 256 50 50 0.1
// Trigger = STATIC TriggerFriction true 512 512 50 50 0.1
AnimatedBrush = STATIC saw.anim 500 964 11 96 96 false 
Trigger = STATIC TriggerGravity true 0 0 100 100 0.5

Brush = DYNAMIC physicsblock.png 64 992 1 64 32 true 50 false elevator
Brush = STATIC brick.png 128 1008 0 64 16 true
//Trigger = STATIC TriggerShader true 64 700 64 192 jitter triggerJitter
Trigger = STATIC TriggerMove con 64 928 64 16 elevator 0 -1 10 moveElevator
Trigger = STATIC TriggerMove con 192 998 64 8 elevator 0 1 10 moveElevatorDown

Trigger = STATIC TriggerStopTrigger false 192 976 64 8 moveElevator
Trigger = STATIC TriggerStopTrigger false 64 960 64 16 moveElevatorDown
//Trigger = STATIC TriggerStopTrigger false 64 491 64 65 triggerJitter
//Trigger = STATIC TriggerStopTrigger false 192 984 64 8 triggerJitter
Trigger = STATIC TriggerStartTrigger false 64 944 64 16 moveElevator
Trigger = STATIC TriggerStartTrigger false 192 948 64 32 moveElevatorDown
//Trigger = STATIC TriggerStartTrigger false 64 928 64 8 triggerJitter

TiledBrush = STATIC brick.png 128 491 1 64 64 true 2 6



// Trigger = STATIC TriggerSound true 43 94 16 16 pop.wav fdfi