Map
ForceSeperate
Name = test
Version = 13201
//Background = 255 122 50

Entity = VARIABLE imagePos %Random:64:1500
Entity = PLAYER_START -175 523
Prefab = walls.prefab 0 0
TiledBrush = STATIC BlueStoneFloor.png 164 310 0 64 64 true 8 1
ReflectiveBrush = metal.png 676 320 50 64 54 true 0.4 8 1

Brush = STATIC brick.png 897 278 0 64 64 true

Prefab = physicsEntities.prefab 0 0

Entity = GEM YELLOW 340 912 lvl_map_1
Entity = GEM GREEN 540 900 lvl_map_2
Entity = GEM BLUE 96 447 lvl_map_3

TiledBrush = STATIC brick.png -256 427 0 64 64 true 4 1
TiledBrush = STATIC brick.png -256 619 0 64 64 true 4 1

TiledBrush = STATIC BlueStoneCeiling.png 164 374 0 64 64 true 16 1
Brush = STATIC DirtFloor.png 1290 960 0 64 64 true
Brush = STATIC CenterSegment1.png 1290 960 1 64 64 false
ReflectiveBrush = water.png 1354 960 100 64 64 false 0.6 4 1

Brush = STATIC DirtFloor.png 1610 960 0 64 64 true floor
Brush = STATIC CenterSegment1.png 1610 960 1 64 64 false
TiledBrush = STATIC DirtFloor.png 64 1023 0 64 64 true 29 1
TiledBrush = STATIC CenterSegment1.png 64 1023 1 64 64 false 29 1

Brush = STATIC brickside491.png 0 0 0 64 491 true
Brush = STATIC brickside491.png 0 619 0 64 491 true
//Decal = metal.png floor 0 0
// TiledBrush = STATIC gabenobedy.png 1280 720 0 32 32 false 8 8
Trigger = STATIC TriggerLoad true -320 491 64 128 ripoffmario.map -20 0 LoadRipOffMario
//Logic = InvokeTrigger time:spawn:10 MovingEntityTrigger
Trigger = DYNAMIC TriggerHurt true 500 999 100 64 100 triggerGravity
// Brush = STATIC Saw1.png 500 900 0 64 64 false
//                       onTrigger:[Trigger Name]
//						 onMapLoad
//                       onPlayerPos:exact:10:10	
//                       onPlayerPos:range:10:20:10:20
//                       onGameEvent:[Game Event]
// Trigger = STATIC TriggerText true -10 -10 1 1 "Some Text" 500 500 TextTrigger
// Trigger = STATIC TriggerPos true 128 128 128 128 50 50 TriggerPosition
// Trigger = STATIC TriggerGravity true 256 256 50 50 0.1
// Trigger = STATIC TriggerFriction true 512 512 50 50 0.1
AnimatedBrush = STATIC saw.anim 500 964 2 96 96 false 10 false animBrush
Entity = PARTICLE_EFFECT 1190 330 WaterBottom
//Entity = PARENT animBrush PhysicsBlock true
//Entity = PARTICLE_EFFECT 1345 900 FoamBottom
//Trigger = STATIC TriggerGravity true 0 0 100 100 0.5
LowDetailBrush = STATIC background_tl.png 0 0 -1 960 540 false 1
LowDetailBrush = STATIC background_tr.png 960 0 -1 960 540 false 1
LowDetailBrush = STATIC background_bl.png 0 540 -1 960 540 false 1
LowDetailBrush = STATIC background_br.png 960 540 -1 960 540 false 1

Brush = DYNAMIC metal.png 64 992 1 64 32 true 50 false elevator
Brush = STATIC brick.png 128 1000 0 8 24 true
Brush = STATIC brick.png 136 1008 0 8 16 true
Brush = STATIC brick.png 144 1016 0 8 8 true

TiledBrush = STATIC brick.png 960 -2048 0 64 64 true 1 32

Trigger = STATIC TriggerMove con 64 928 64 16 elevator 0 -1 10 moveElevator
Trigger = STATIC TriggerMove con 192 998 64 8 elevator 0 1 10 moveElevatorDown

Trigger = STATIC TriggerStopTrigger false 192 976 64 8 moveElevator
Trigger = STATIC TriggerStopTrigger false 64 960 64 16 moveElevatorDown

Trigger = STATIC TriggerStartTrigger false 64 944 64 16 moveElevator
Trigger = STATIC TriggerStartTrigger false 192 948 64 32 moveElevatorDown

TiledBrush = STATIC brick.png 128 491 1 64 64 true 2 6